50000: rough level 0.0 succeeded 16/16 -> unlocked 0.01
50000: slope_up level 3 succeeded 21/21 -> unlocked 6
50000: stairs_up level 0.02 succeeded 20/20 -> unlocked 0.04
50000: stairs_down level 0.02 succeeded 26/26 -> unlocked 0.04
75000: slope_down level 3 succeeded 19/19 -> unlocked 6
100000: stairs_up level 0.04 succeeded 19/19 -> unlocked 0.06
125000: slope_up level 6 succeeded 15/15 -> unlocked 9
125000: stairs_down level 0.04 succeeded 21/21 -> unlocked 0.06
150000: rough level 0.01 succeeded 21/21 -> unlocked 0.02
175000: stairs_up level 0.06 succeeded 20/22 -> unlocked 0.08
200000: slope_up level 9 succeeded 16/16 -> unlocked 12
200000: slope_down level 6 succeeded 16/16 -> unlocked 9
200000: stairs_down level 0.06 succeeded 21/21 -> unlocked 0.08
225000: rough level 0.02 succeeded 18/18 -> unlocked 0.03
250000: stairs_down level 0.08 succeeded 16/16 -> unlocked 0.1
300000: slope_down level 9 succeeded 15/15 -> unlocked 12
300000: stairs_down level 0.1 succeeded 13/15 -> unlocked 0.12
325000: slope_up level 12 succeeded 16/16 -> unlocked 15
350000: rough level 0.03 succeeded 20/20 -> unlocked 0.04
450000: rough level 0.04 succeeded 15/15 -> unlocked 0.05
450000: slope_down level 12 succeeded 17/17 -> unlocked 15
450000: stairs_down level 0.12 succeeded 32/39 -> unlocked 0.15
575000: rough level 0.05 succeeded 18/18 -> unlocked 0.06
650000: rough level 0.06 succeeded 21/21 -> unlocked 0.08
750000: rough level 0.08 succeeded 16/16 -> unlocked 0.1
