[1/56] flat: 1821 frames
[2/56] flat: 1854 frames
[3/56] flat: 1865 frames
[4/56] flat: 1952 frames
[5/56] flat: 1879 frames
[6/56] flat: 1882 frames
[7/56] flat: 1874 frames
[8/56] flat: 1827 frames
[9/56] rough: 1662 frames
[10/56] rough: 1734 frames
[11/56] rough: 1796 frames
[12/56] rough: 1834 frames
[13/56] rough: 1753 frames
[14/56] rough: 1780 frames
[15/56] rough: 1844 frames
[16/56] rough: 1823 frames
[17/56] slope_up: 1753 frames
[18/56] slope_up: 1811 frames
[19/56] slope_up: 1789 frames
[20/56] slope_up: 1749 frames
[21/56] slope_up: 1782 frames
[22/56] slope_up: 1829 frames
[23/56] slope_up: 1728 frames
[24/56] slope_up: 1782 frames
[25/56] slope_down: 1751 frames
[26/56] slope_down: 1660 frames
[27/56] slope_down: 1771 frames
[28/56] slope_down: 1791 frames
[29/56] slope_down: 1784 frames
[30/56] slope_down: 1778 frames
[31/56] slope_down: 1748 frames
[32/56] slope_down: 1766 frames
[33/56] stairs_up: 1613 frames
[34/56] stairs_up: 1779 frames
[35/56] stairs_up: 1584 frames
[36/56] stairs_up: 1536 frames
[37/56] stairs_up: 1367 frames
[38/56] stairs_up: 1521 frames
[39/56] stairs_up: 1737 frames
[40/56] stairs_up: 1861 frames
[41/56] stairs_down: 1812 frames
[42/56] stairs_down: 1919 frames
[43/56] stairs_down: 1756 frames
[44/56] stairs_down: 1899 frames
[45/56] stairs_down: 1779 frames
[46/56] stairs_down: 1790 frames
[47/56] stairs_down: 1847 frames
[48/56] stairs_down: 1706 frames
[49/56] hurdle: 1027 frames
[50/56] hurdle: 946 frames
[51/56] hurdle: 1006 frames
[52/56] hurdle: 969 frames
[53/56] hurdle: 857 frames
[54/56] hurdle: 863 frames
[55/56] hurdle: 885 frames
[56/56] hurdle: 954 frames
saved flat 14954 frames
saved rough 14226 frames
saved slope_up 14223 frames
saved slope_down 14049 frames
saved stairs_up 12998 frames
saved stairs_down 14508 frames
saved hurdle 7507 frames
