[1/70] flat: 1245 frames
[2/70] flat: 1351 frames
[3/70] flat: 1448 frames
[4/70] flat: 1500 frames
[5/70] flat: 1197 frames
[6/70] flat: 1408 frames
[7/70] flat: 1256 frames
[8/70] flat: 1324 frames
[9/70] flat: 1353 frames
[10/70] flat: 1262 frames
[11/70] rough: 1542 frames
[12/70] rough: 1583 frames
[13/70] rough: 1230 frames
[14/70] rough: 1523 frames
[15/70] rough: 1366 frames
[16/70] rough: 1471 frames
[17/70] rough: 1302 frames
[18/70] rough: 1397 frames
[19/70] rough: 1434 frames
[20/70] rough: 1671 frames
[21/70] slope_up: 1342 frames
[22/70] slope_up: 1525 frames
[23/70] slope_up: 1205 frames
[24/70] slope_up: 1377 frames
[25/70] slope_up: 1537 frames
[26/70] slope_up: 1162 frames
[27/70] slope_up: 1400 frames
[28/70] slope_up: 1720 frames
[29/70] slope_up: 1536 frames
[30/70] slope_up: 1324 frames
[31/70] slope_down: 1233 frames
[32/70] slope_down: 1064 frames
[33/70] slope_down: 1467 frames
[34/70] slope_down: 1396 frames
[35/70] slope_down: 1188 frames
[36/70] slope_down: 1161 frames
[37/70] slope_down: 994 frames
[38/70] slope_down: 1260 frames
[39/70] slope_down: 1420 frames
[40/70] slope_down: 1042 frames
[41/70] stairs_up: 1354 frames
[42/70] stairs_up: 1438 frames
[43/70] stairs_up: 1318 frames
[44/70] stairs_up: 1376 frames
[45/70] stairs_up: 1093 frames
[46/70] stairs_up: 1681 frames
[47/70] stairs_up: 1358 frames
[48/70] stairs_up: 1217 frames
[49/70] stairs_down: 811 frames
[50/70] stairs_up: 1431 frames
[51/70] stairs_down: 1044 frames
[52/70] stairs_up: 1561 frames
[53/70] stairs_down: 1402 frames
[54/70] stairs_down: 1446 frames
[55/70] stairs_down: 1390 frames
[56/70] stairs_down: 1430 frames
[57/70] stairs_down: 1434 frames
[58/70] stairs_down: 1647 frames
[59/70] stairs_down: 1567 frames
[60/70] stairs_down: 1520 frames
[61/70] hurdle: 1300 frames
[62/70] hurdle: 1116 frames
[63/70] hurdle: 1139 frames
[64/70] hurdle: 1186 frames
[65/70] hurdle: 1174 frames
[66/70] hurdle: 1068 frames
[67/70] hurdle: 1043 frames
[68/70] hurdle: 1107 frames
[69/70] hurdle: 1172 frames
[70/70] hurdle: 1134 frames
saved flat 13344 frames
saved rough 14519 frames
saved slope_up 14128 frames
saved slope_down 12225 frames
saved stairs_up 13827 frames
saved stairs_down 13691 frames
saved hurdle 11439 frames
