25000: rough level 0.0 succeeded 18/18 -> unlocked 0.01
50000: slope_up level 3 succeeded 16/16 -> unlocked 6
50000: stairs_up level 0.02 succeeded 15/16 -> unlocked 0.04
50000: stairs_down level 0.02 succeeded 31/31 -> unlocked 0.04
100000: rough level 0.01 succeeded 17/17 -> unlocked 0.02
100000: stairs_up level 0.04 succeeded 23/23 -> unlocked 0.06
125000: slope_up level 6 succeeded 17/17 -> unlocked 9
125000: slope_down level 3 succeeded 16/16 -> unlocked 6
125000: stairs_down level 0.04 succeeded 22/22 -> unlocked 0.06
175000: stairs_up level 0.06 succeeded 16/17 -> unlocked 0.08
175000: stairs_down level 0.06 succeeded 17/17 -> unlocked 0.08
200000: rough level 0.02 succeeded 15/15 -> unlocked 0.03
200000: slope_up level 9 succeeded 16/16 -> unlocked 12
200000: slope_down level 6 succeeded 18/18 -> unlocked 9
250000: stairs_up level 0.08 succeeded 17/20 -> unlocked 0.1
275000: stairs_down level 0.08 succeeded 18/18 -> unlocked 0.1
300000: slope_up level 12 succeeded 23/23 -> unlocked 15
325000: rough level 0.03 succeeded 19/19 -> unlocked 0.04
325000: slope_down level 9 succeeded 15/15 -> unlocked 12
400000: rough level 0.04 succeeded 15/15 -> unlocked 0.05
500000: rough level 0.05 succeeded 19/19 -> unlocked 0.06
550000: slope_down level 12 succeeded 18/22 -> unlocked 15
600000: rough level 0.06 succeeded 17/17 -> unlocked 0.08
725000: rough level 0.08 succeeded 17/18 -> unlocked 0.1
