4: top 0.03 stats 
25000: hurdle 0.03 succeeded 58/64 -> unlocked 0.05
25000: top 0.05 stats 0.0:12/13, 0.03:58/64
50000: hurdle 0.05 succeeded 27/43 -> unlocked 0.07
50000: top 0.07 stats 0.0:10/11, 0.03:21/22, 0.05:27/43
75000: top 0.07 stats 0.0:14/15, 0.03:15/15, 0.05:7/11, 0.07:21/40
100000: top 0.07 stats 0.0:18/19, 0.03:11/12, 0.05:5/7, 0.07:17/38
125000: top 0.07 stats 0.0:12/12, 0.03:12/13, 0.05:9/11, 0.07:20/38
150000: top 0.07 stats 0.0:17/18, 0.03:10/12, 0.05:2/3, 0.07:15/37
175000: top 0.07 stats 0.0:20/20, 0.03:9/9, 0.05:8/9, 0.07:22/39
200000: top 0.07 stats 0.0:15/15, 0.03:9/9, 0.05:7/13, 0.07:18/37
225000: top 0.07 stats 0.0:14/16, 0.03:5/7, 0.05:2/9, 0.07:25/43
250000: top 0.07 stats 0.0:16/17, 0.03:15/18, 0.05:5/9, 0.07:15/31
275000: hurdle 0.07 succeeded 31/46 -> unlocked 0.1
275000: top 0.1 stats 0.0:15/17, 0.03:12/12, 0.05:2/6, 0.07:31/46
300000: top 0.1 stats 0.0:9/10, 0.03:6/7, 0.05:7/14, 0.07:2/6, 0.1:13/38
325000: top 0.1 stats 0.0:13/13, 0.03:10/11, 0.05:4/5, 0.07:5/11, 0.1:9/37
350000: top 0.1 stats 0.0:9/9, 0.03:6/10, 0.05:6/6, 0.07:3/5, 0.1:10/46
375000: top 0.1 stats 0.0:16/18, 0.03:4/4, 0.05:2/3, 0.07:4/5, 0.1:7/39
400000: top 0.1 stats 0.0:11/16, 0.03:10/10, 0.05:4/7, 0.07:3/8, 0.1:13/36
425000: top 0.1 stats 0.0:11/12, 0.03:5/5, 0.05:5/8, 0.07:3/6, 0.1:9/43
450000: top 0.1 stats 0.0:12/12, 0.03:6/8, 0.05:5/9, 0.07:3/6, 0.1:7/34
475000: top 0.1 stats 0.0:11/11, 0.03:8/10, 0.05:4/7, 0.07:3/5, 0.1:13/45
500000: top 0.1 stats 0.0:10/11, 0.03:9/12, 0.05:7/7, 0.07:2/10, 0.1:6/28
525000: top 0.1 stats 0.0:15/17, 0.03:1/1, 0.05:4/6, 0.07:3/8, 0.1:11/38
550000: top 0.1 stats 0.0:13/14, 0.03:5/6, 0.05:5/10, 0.07:1/6, 0.1:5/34
575000: top 0.1 stats 0.0:10/10, 0.03:4/5, 0.05:3/7, 0.07:4/6, 0.1:3/42
600000: top 0.1 stats 0.0:10/10, 0.03:3/5, 0.05:4/9, 0.07:4/10, 0.1:9/37
625000: top 0.1 stats 0.0:17/17, 0.03:6/8, 0.05:7/8, 0.07:4/5, 0.1:12/36
650000: top 0.1 stats 0.0:16/19, 0.03:6/6, 0.05:3/7, 0.07:5/9, 0.1:11/33
675000: top 0.1 stats 0.0:14/16, 0.03:7/7, 0.05:4/5, 0.07:1/6, 0.1:9/37
700000: top 0.1 stats 0.0:15/17, 0.03:3/3, 0.05:4/7, 0.07:5/7, 0.1:6/37
725000: top 0.1 stats 0.0:8/11, 0.03:4/5, 0.05:2/5, 0.07:1/9, 0.1:6/39
750000: top 0.1 stats 0.0:6/7, 0.03:2/6, 0.05:5/7, 0.07:9/13, 0.1:11/35
775000: top 0.1 stats 0.0:12/16, 0.03:4/5, 0.05:4/8, 0.07:4/9, 0.1:6/34
800000: top 0.1 stats 0.0:18/19, 0.03:7/8, 0.05:3/6, 0.07:4/8, 0.1:4/32
825000: top 0.1 stats 0.0:13/15, 0.03:4/4, 0.05:4/6, 0.07:1/6, 0.1:3/39
850000: top 0.1 stats 0.0:16/17, 0.03:8/9, 0.05:6/7, 0.07:5/8, 0.1:3/27
875000: top 0.1 stats 0.0:12/15, 0.03:5/7, 0.05:4/9, 0.07:5/8, 0.1:7/30
900000: top 0.1 stats 0.0:25/25, 0.03:7/8, 0.05:3/6, 0.07:3/6, 0.1:2/27
925000: top 0.1 stats 0.0:10/10, 0.03:6/7, 0.05:4/4, 0.07:4/13, 0.1:4/33
950000: top 0.1 stats 0.0:14/14, 0.03:7/9, 0.05:3/7, 0.07:2/9, 0.1:6/32
975000: top 0.1 stats 0.0:12/13, 0.03:4/4, 0.05:5/6, 0.07:6/8, 0.1:3/42
1000000: top 0.1 stats 0.0:15/17, 0.03:5/8, 0.05:2/4, 0.07:3/11, 0.1:6/29
