4: top 0.03 stats 
25000: hurdle 0.03 succeeded 56/64 -> unlocked 0.05
25000: top 0.05 stats 0.0:7/10, 0.03:56/64
50000: hurdle 0.05 succeeded 33/42 -> unlocked 0.07
50000: top 0.07 stats 0.0:12/12, 0.03:23/25, 0.05:33/42
75000: top 0.07 stats 0.0:14/14, 0.03:8/8, 0.05:10/15, 0.07:17/37
100000: top 0.07 stats 0.0:15/15, 0.03:11/11, 0.05:6/8, 0.07:19/36
125000: top 0.07 stats 0.0:13/13, 0.03:11/11, 0.05:9/13, 0.07:16/39
150000: top 0.07 stats 0.0:10/10, 0.03:12/13, 0.05:9/11, 0.07:21/37
175000: top 0.07 stats 0.0:17/18, 0.03:9/9, 0.05:5/8, 0.07:16/39
200000: top 0.07 stats 0.0:18/19, 0.03:9/9, 0.05:7/10, 0.07:17/36
225000: top 0.07 stats 0.0:9/9, 0.03:13/14, 0.05:6/8, 0.07:18/42
250000: top 0.07 stats 0.0:19/19, 0.03:13/13, 0.05:5/7, 0.07:13/34
275000: top 0.07 stats 0.0:7/7, 0.03:5/7, 0.05:9/9, 0.07:10/47
300000: top 0.07 stats 0.0:13/13, 0.03:4/5, 0.05:8/12, 0.07:15/42
325000: top 0.07 stats 0.0:20/21, 0.03:3/5, 0.05:7/10, 0.07:18/39
350000: top 0.07 stats 0.0:16/16, 0.03:11/11, 0.05:10/13, 0.07:16/33
375000: top 0.07 stats 0.0:14/14, 0.03:8/8, 0.05:7/10, 0.07:25/43
400000: top 0.07 stats 0.0:16/16, 0.03:14/14, 0.05:6/10, 0.07:16/33
425000: top 0.07 stats 0.0:13/14, 0.03:10/11, 0.05:12/12, 0.07:15/37
450000: top 0.07 stats 0.0:21/22, 0.03:9/10, 0.05:4/6, 0.07:25/38
475000: top 0.07 stats 0.0:17/18, 0.03:9/10, 0.05:4/6, 0.07:19/41
500000: top 0.07 stats 0.0:13/13, 0.03:7/9, 0.05:8/9, 0.07:26/47
525000: top 0.07 stats 0.0:16/16, 0.03:7/7, 0.05:12/17, 0.07:22/35
550000: top 0.07 stats 0.0:15/15, 0.03:7/8, 0.05:6/9, 0.07:28/43
575000: top 0.07 stats 0.0:16/16, 0.03:5/6, 0.05:9/12, 0.07:19/40
600000: top 0.07 stats 0.0:10/10, 0.03:8/8, 0.05:11/15, 0.07:23/39
625000: top 0.07 stats 0.0:13/14, 0.03:12/12, 0.05:8/9, 0.07:27/42
650000: top 0.07 stats 0.0:14/14, 0.03:8/8, 0.05:8/9, 0.07:25/46
675000: top 0.07 stats 0.0:9/10, 0.03:12/13, 0.05:4/10, 0.07:26/43
700000: top 0.07 stats 0.0:12/12, 0.03:12/13, 0.05:14/17, 0.07:17/36
725000: top 0.07 stats 0.0:11/11, 0.03:16/16, 0.05:10/16, 0.07:15/37
750000: top 0.07 stats 0.0:16/16, 0.03:9/9, 0.05:5/8, 0.07:22/42
775000: top 0.07 stats 0.0:16/16, 0.03:6/9, 0.05:10/13, 0.07:22/38
800000: top 0.07 stats 0.0:19/19, 0.03:4/5, 0.05:13/15, 0.07:19/37
825000: top 0.07 stats 0.0:15/15, 0.03:10/10, 0.05:9/11, 0.07:25/44
850000: top 0.07 stats 0.0:17/17, 0.03:4/4, 0.05:11/11, 0.07:22/42
875000: top 0.07 stats 0.0:14/14, 0.03:6/6, 0.05:12/13, 0.07:29/46
900000: top 0.07 stats 0.0:14/14, 0.03:13/13, 0.05:6/7, 0.07:24/43
925000: top 0.07 stats 0.0:12/12, 0.03:14/14, 0.05:7/12, 0.07:18/39
950000: top 0.07 stats 0.0:20/20, 0.03:7/7, 0.05:12/15, 0.07:19/34
975000: top 0.07 stats 0.0:21/22, 0.03:11/11, 0.05:5/7, 0.07:25/40
1000000: top 0.07 stats 0.0:8/11, 0.03:8/10, 0.05:10/12, 0.07:29/44
